2025-09-13 11:40:23,881 - app.core.error_handlers - WARNING - HTTP exception: Not Found - Status: 404 - Path: /docs - Method: GET (error_handlers.py:74)
2025-09-13 11:40:23,931 - app.core.error_handlers - WARNING - HTTP exception: Not Found - Status: 404 - Path: /favicon.ico - Method: GET (error_handlers.py:74)
2025-11-06 18:28:50,101 - app.api.routes.chat - ERROR - Error getting conversations: 'dict' object has no attribute 'id' (chat.py:85)
2025-11-06 18:28:50,103 - app.core.error_handlers - WARNING - HTTP exception: 'dict' object has no attribute 'id' - Status: 500 - Path: /api/v1/chat/conversations - Method: GET (error_handlers.py:74)
2025-11-06 18:28:50,621 - app.api.routes.chat - ERROR - Error getting conversations: 'dict' object has no attribute 'id' (chat.py:85)
2025-11-06 18:28:50,623 - app.core.error_handlers - WARNING - HTTP exception: 'dict' object has no attribute 'id' - Status: 500 - Path: /api/v1/chat/conversations - Method: GET (error_handlers.py:74)
2025-11-06 18:35:00,114 - app.api.routes.reviews_router - ERROR - Error getting my reviews: 'dict' object has no attribute 'id' (reviews_router.py:323)
2025-11-06 18:35:00,115 - app.core.error_handlers - WARNING - HTTP exception: Failed to get reviews - Status: 500 - Path: /api/v1/reviews/my-reviews - Method: GET (error_handlers.py:74)
2025-11-06 18:35:00,962 - app.api.routes.reviews_router - ERROR - Error getting my reviews: 'dict' object has no attribute 'id' (reviews_router.py:323)
2025-11-06 18:35:00,962 - app.core.error_handlers - WARNING - HTTP exception: Failed to get reviews - Status: 500 - Path: /api/v1/reviews/my-reviews - Method: GET (error_handlers.py:74)
2025-11-06 19:00:41,912 - app.core.database - INFO - All database indexes created successfully (database.py:280)
2025-11-06 19:01:24,481 - app.core.database - INFO - All database indexes created successfully (database.py:234)
2025-11-06 19:35:22,281 - app.core.error_handlers - WARNING - HTTP exception: Could not validate credentials - Status: 403 - Path: /api/v1/users/me - Method: GET (error_handlers.py:74)
2025-11-06 19:36:23,318 - app.core.database - INFO - All database indexes created successfully (database.py:233)
2025-11-06 19:41:25,385 - app.core.database - INFO - All database indexes created successfully (database.py:230)
2025-11-06 19:46:23,067 - app.core.database - INFO - Database connection initialized successfully (database.py:49)
2025-11-06 19:46:26,341 - app.core.database - INFO - All database indexes created successfully (database.py:277)
2025-11-06 19:51:28,409 - app.core.database - INFO - Database connection initialized successfully (database.py:49)
2025-11-06 19:51:32,041 - app.core.database - INFO - All database indexes created successfully (database.py:277)
2025-11-06 20:01:23,126 - app.core.database - INFO - Database connection initialized successfully (database.py:49)
2025-11-06 20:01:26,575 - app.core.database - INFO - All database indexes created successfully (database.py:277)
2025-11-06 20:16:30,949 - app.api.routes.chat - ERROR - Error getting conversations: 'property' object has no attribute 'find' (chat.py:85)
2025-11-06 20:16:30,950 - app.core.error_handlers - WARNING - HTTP exception: 'property' object has no attribute 'find' - Status: 500 - Path: /api/v1/chat/conversations - Method: GET (error_handlers.py:74)
2025-11-06 20:16:31,615 - app.api.routes.chat - ERROR - Error getting conversations: 'property' object has no attribute 'find' (chat.py:85)
2025-11-06 20:16:31,615 - app.core.error_handlers - WARNING - HTTP exception: 'property' object has no attribute 'find' - Status: 500 - Path: /api/v1/chat/conversations - Method: GET (error_handlers.py:74)
2025-11-06 20:20:04,109 - app.core.database - INFO - All database indexes created successfully (database.py:230)
